Godot Engine v4.6.3.stable.mono.official.7d41c59c4 - https://godotengine.org

[   0% ] first_scan_filesystem | Started 프로젝트 초기화 (5 steps)
[   0% ] first_scan_filesystem | 파일 구조 스캔 중...
[  16% ] first_scan_filesystem | 전역 클래스 이름을 불러오는 중...
[  33% ] first_scan_filesystem | GDExtensions 검증 중...
[  50% ] first_scan_filesystem | 오토로드 스크립트를 만드는 중...
[  66% ] first_scan_filesystem | 플러그인을 초기화 중...
[  83% ] first_scan_filesystem | 파일 스캔 시작 중...
[ DONE ] first_scan_filesystem

[   0% ] update_scripts_classes | Started 전역 클래스를 등록하는 중... (6 steps)
[   0% ] update_scripts_classes | GTCameraRig
[  14% ] update_scripts_classes | GTCar
[  28% ] update_scripts_classes | GTV4Hud
[  42% ] update_scripts_classes | 
[  57% ] update_scripts_classes | GTSafeStore
[  71% ] update_scripts_classes | GTTraffic
[ DONE ] update_scripts_classes

[   0% ] _update_scan_actions | Started 액션 스캔 중... (4 steps)
[   0% ] _update_scan_actions | porsche_lod1.glb
[  20% ] _update_scan_actions | porsche_lod2.glb
[  40% ] _update_scan_actions | porsche_lod3.glb
[  60% ] _update_scan_actions | traffic_lod1.glb
[ DONE ] _update_scan_actions

[   0% ] reimport | Started 애셋 (다시) 가져오는 중 (58 steps)
[   0% ] reimport | 다시 가져올 파일을 준비 중...
[   1% ] reimport | 다시 가져올 파일을 준비 중...
[   3% ] reimport | 다시 가져올 파일을 준비 중...
[   5% ] reimport | 다시 가져올 파일을 준비 중...
[   6% ] reimport | 다시 가져올 파일을 준비 중...
[   8% ] reimport | 다시 가져올 파일을 준비 중...
[  10% ] reimport | 다시 가져올 파일을 준비 중...
[  11% ] reimport | 다시 가져올 파일을 준비 중...
[  13% ] reimport | 다시 가져올 파일을 준비 중...
[  15% ] reimport | 다시 가져올 파일을 준비 중...
[  16% ] reimport | 다시 가져올 파일을 준비 중...
[  18% ] reimport | 다시 가져올 파일을 준비 중...
[  20% ] reimport | 다시 가져올 파일을 준비 중...
[  22% ] reimport | 다시 가져올 파일을 준비 중...
[  23% ] reimport | 다시 가져올 파일을 준비 중...
[  25% ] reimport | 다시 가져올 파일을 준비 중...
[  27% ] reimport | 다시 가져올 파일을 준비 중...
[  28% ] reimport | 다시 가져올 파일을 준비 중...
[  30% ] reimport | 다시 가져올 파일을 준비 중...
[  32% ] reimport | 다시 가져올 파일을 준비 중...
[  33% ] reimport | 다시 가져올 파일을 준비 중...
[  35% ] reimport | 다시 가져올 파일을 준비 중...
[  37% ] reimport | 다시 가져올 파일을 준비 중...
[  38% ] reimport | 다시 가져올 파일을 준비 중...
[  40% ] reimport | 다시 가져올 파일을 준비 중...
[  42% ] reimport | 다시 가져올 파일을 준비 중...
[  44% ] reimport | 다시 가져올 파일을 준비 중...
[  45% ] reimport | 다시 가져올 파일을 준비 중...
[  47% ] reimport | 다시 가져올 파일을 준비 중...
[  49% ] reimport | 다시 가져올 파일을 준비 중...
[  50% ] reimport | 다시 가져올 파일을 준비 중...
[  52% ] reimport | 다시 가져올 파일을 준비 중...
[  54% ] reimport | 다시 가져올 파일을 준비 중...
[  55% ] reimport | 다시 가져올 파일을 준비 중...
[  57% ] reimport | 다시 가져올 파일을 준비 중...
[  59% ] reimport | 다시 가져올 파일을 준비 중...
[  61% ] reimport | 다시 가져올 파일을 준비 중...
[  62% ] reimport | 다시 가져올 파일을 준비 중...
[  64% ] reimport | 다시 가져올 파일을 준비 중...
[  66% ] reimport | 다시 가져올 파일을 준비 중...
[  67% ] reimport | 다시 가져올 파일을 준비 중...
[  69% ] reimport | 다시 가져올 파일을 준비 중...
[  71% ] reimport | 다시 가져올 파일을 준비 중...
[  72% ] reimport | 다시 가져올 파일을 준비 중...
[  74% ] reimport | 다시 가져올 파일을 준비 중...
[  76% ] reimport | 다시 가져올 파일을 준비 중...
[  77% ] reimport | 다시 가져올 파일을 준비 중...
[  79% ] reimport | 다시 가져올 파일을 준비 중...
[  81% ] reimport | 다시 가져올 파일을 준비 중...
[  83% ] reimport | 다시 가져올 파일을 준비 중...
[  84% ] reimport | 다시 가져올 파일을 준비 중...
[  86% ] reimport | 다시 가져올 파일을 준비 중...
[  88% ] reimport | 다시 가져올 파일을 준비 중...
[  89% ] reimport | 다시 가져올 파일을 준비 중...
[  91% ] reimport | 다시 가져올 파일을 준비 중...
[  93% ] reimport | 다시 가져올 파일을 준비 중...
[  94% ] reimport | 다시 가져올 파일을 준비 중...
[  96% ] reimport | 다시 가져올 파일을 준비 중...
[   0% ] reimport | 다시 가져오기 전 작업을 수행 중...
[   0% ] preload_reimporting_scene | Started 다시 불러오기를 위해 씬 준비 중 (1 steps)
[   0% ] preload_reimporting_scene | 씬 [비었음] 분석 중
[  50% ] preload_reimporting_scene | 준비가 완료되었습니다.
[ DONE ] preload_reimporting_scene

[   0% ] reimport | porsche_lod2_Image_7.png
[   1% ] reimport | porsche_lod2_Image_8.png
[   3% ] reimport | porsche_lod2_Image_6.png
[   5% ] reimport | porsche_lod2_Image_3.png
[   6% ] reimport | porsche_lod2_Image_22.png
[   8% ] reimport | porsche_lod2_Image_19.png
[  10% ] reimport | porsche_lod2_Image_20.png
[  11% ] reimport | porsche_lod2_Image_16.png
[  13% ] reimport | porsche_lod2_Image_17.png
[  15% ] reimport | porsche_lod2_Image_2.png
[  16% ] reimport | porsche_lod3_Image_17.png
[  18% ] reimport | porsche_lod3_Image_4.png
[  20% ] reimport | porsche_lod3_Image_9.png
[  22% ] reimport | porsche_lod3_Image_12.png
[  23% ] reimport | porsche_lod3_Image_5.png
[  25% ] reimport | porsche_lod3_Image_21.png
[  27% ] reimport | porsche_lod3_Image_15.png
[  28% ] reimport | porsche_lod3_Image_11.png
[  30% ] reimport | porsche_lod3_Image_10.png
[  32% ] reimport | porsche_lod3_Image_7.png
[  33% ] reimport | porsche_lod3_Image_8.png
[  35% ] reimport | porsche_lod3_Image_6.png
[  37% ] reimport | porsche_lod3_Image_3.png
[  38% ] reimport | porsche_lod3_Image_22.png
[  40% ] reimport | porsche_lod3_Image_19.png
[  42% ] reimport | porsche_lod3_Image_20.png
[  44% ] reimport | porsche_lod3_Image_16.png
[  45% ] reimport | porsche_lod1_Image_4.png
[  47% ] reimport | porsche_lod1_Image_9.png
[  49% ] reimport | porsche_lod1_Image_12.png
[  50% ] reimport | porsche_lod1_Image_5.png
[  52% ] reimport | porsche_lod1_Image_21.png
[  54% ] reimport | porsche_lod1_Image_15.png
[  55% ] reimport | porsche_lod1_Image_11.png
[  57% ] reimport | porsche_lod1_Image_10.png
[  59% ] reimport | porsche_lod1_Image_7.png
[  61% ] reimport | porsche_lod1_Image_8.png
[  62% ] reimport | porsche_lod1_Image_6.png
[  64% ] reimport | porsche_lod1_Image_3.png
[  66% ] reimport | porsche_lod1_Image_22.png
[  67% ] reimport | porsche_lod1_Image_19.png
[  69% ] reimport | porsche_lod1_Image_20.png
[  71% ] reimport | porsche_lod1_Image_16.png
[  72% ] reimport | porsche_lod1_Image_17.png
[  74% ] reimport | porsche_lod1_Image_2.png
[  76% ] reimport | porsche_lod3_Image_2.png
[  77% ] reimport | porsche_lod2_Image_4.png
[  79% ] reimport | porsche_lod2_Image_9.png
[  81% ] reimport | porsche_lod2_Image_12.png
[  83% ] reimport | porsche_lod2_Image_5.png
[  84% ] reimport | porsche_lod2_Image_21.png
[  86% ] reimport | porsche_lod2_Image_15.png
[  88% ] reimport | porsche_lod2_Image_11.png
[  89% ] reimport | porsche_lod2_Image_10.png
[  91% ] reimport | traffic_lod1.glb
[   0% ] import | Started 씬 가져오기 (104 steps)
[   0% ] import | 씬 가져오는 중...
[   1% ] import | 커스텀 스크립트 실행 중...
[  99% ] import | 저장 중...
[ DONE ] import

[  93% ] reimport | porsche_lod3.glb
[   0% ] import | Started 씬 가져오기 (104 steps)
[   0% ] import | 씬 가져오는 중...
[   1% ] import | 커스텀 스크립트 실행 중...
[  99% ] import | 저장 중...
[ DONE ] import

[  94% ] reimport | porsche_lod2.glb
[   0% ] import | Started 씬 가져오기 (104 steps)
[   0% ] import | 씬 가져오는 중...
[   1% ] import | 커스텀 스크립트 실행 중...
[  99% ] import | 저장 중...
[ DONE ] import

[  96% ] reimport | porsche_lod1.glb
[   0% ] import | Started 씬 가져오기 (104 steps)
[   0% ] import | 씬 가져오는 중...
[   1% ] import | 커스텀 스크립트 실행 중...
[  99% ] import | 저장 중...
[ DONE ] import

[  98% ] reimport | 애셋 가져오기 마무리 중...
[ DONE ] reimport

[   0% ] reimport | Started 애셋 (다시) 가져오는 중 (58 steps)
[   0% ] reimport | 다시 가져오기 후 작업을 수행 중...
[ DONE ] reimport

[   0% ] loading_editor_layout | Started 편집기를 불러오는 중 (5 steps)
[   0% ] loading_editor_layout | 편집기 레이아웃을 불러오는 중...
[  16% ] loading_editor_layout | 독을 불러오는 중...
[ DONE ] loading_editor_layout

