Godot Engine v4.6.3.stable.mono.official.7d41c59c4 - https://godotengine.org

[   0% ] first_scan_filesystem | Started 프로젝트 초기화 (5 steps)
[   0% ] first_scan_filesystem | 파일 구조 스캔 중...
[  16% ] first_scan_filesystem | 전역 클래스 이름을 불러오는 중...
[  33% ] first_scan_filesystem | GDExtensions 검증 중...
[  50% ] first_scan_filesystem | 오토로드 스크립트를 만드는 중...
[  66% ] first_scan_filesystem | 플러그인을 초기화 중...
[  83% ] first_scan_filesystem | 파일 스캔 시작 중...
[ DONE ] first_scan_filesystem

[   0% ] update_scripts_classes | Started 전역 클래스를 등록하는 중... (14 steps)
[   0% ] update_scripts_classes | GTCameraRig
[   6% ] update_scripts_classes | GTCar
[  13% ] update_scripts_classes | GTAudio
[  20% ] update_scripts_classes | GTContactDamage
[  26% ] update_scripts_classes | GTControls
[  33% ] update_scripts_classes | GTV4Hud
[  40% ] update_scripts_classes | GTHud
[  46% ] update_scripts_classes | 
[  53% ] update_scripts_classes | GTQA
[  60% ] update_scripts_classes | GTSafeStore
[  66% ] update_scripts_classes | GTTraffic
[  73% ] update_scripts_classes | GTTrafficBody
[  80% ] update_scripts_classes | VehicleConfig
[  86% ] update_scripts_classes | GTWorld
[ DONE ] update_scripts_classes

[   0% ] _update_scan_actions | Started 액션 스캔 중... (8 steps)
[   0% ] _update_scan_actions | engine_9250_off.wav
[  11% ] _update_scan_actions | engine_9250_on.wav
[  22% ] _update_scan_actions | porsche_lod0.glb
[  33% ] _update_scan_actions | porsche_lod1.glb
[  44% ] _update_scan_actions | porsche_lod2.glb
[  55% ] _update_scan_actions | porsche_lod3.glb
[  66% ] _update_scan_actions | traffic_lod0.glb
[  77% ] _update_scan_actions | whine.wav
[ DONE ] _update_scan_actions

[   0% ] reimport | Started 애셋 (다시) 가져오는 중 (8 steps)
[   0% ] reimport | 다시 가져올 파일을 준비 중...
[  11% ] reimport | 다시 가져올 파일을 준비 중...
[  22% ] reimport | 다시 가져올 파일을 준비 중...
[  33% ] reimport | 다시 가져올 파일을 준비 중...
[  44% ] reimport | 다시 가져올 파일을 준비 중...
[  55% ] reimport | 다시 가져올 파일을 준비 중...
[  66% ] reimport | 다시 가져올 파일을 준비 중...
[  77% ] reimport | 다시 가져올 파일을 준비 중...
[   0% ] reimport | 다시 가져오기 전 작업을 수행 중...
[   0% ] reimport | engine_9250_off.wav
[  11% ] reimport | engine_9250_on.wav
[  22% ] reimport | whine.wav
[  33% ] reimport | porsche_lod0.glb
[   0% ] import | Started 씬 가져오기 (104 steps)
[   0% ] import | 씬 가져오는 중...
[   1% ] import | 커스텀 스크립트 실행 중...
[  99% ] import | 저장 중...
[ DONE ] import

[  44% ] reimport | porsche_lod1.glb
[   0% ] import | Started 씬 가져오기 (104 steps)
[   0% ] import | 씬 가져오는 중...
[   1% ] import | 커스텀 스크립트 실행 중...
[  99% ] import | 저장 중...
[ DONE ] import

[  55% ] reimport | porsche_lod2.glb
[   0% ] import | Started 씬 가져오기 (104 steps)
[   0% ] import | 씬 가져오는 중...
[   1% ] import | 커스텀 스크립트 실행 중...
[  99% ] import | 저장 중...
[ DONE ] import

[  66% ] reimport | porsche_lod3.glb
[   0% ] import | Started 씬 가져오기 (104 steps)
[   0% ] import | 씬 가져오는 중...
[   1% ] import | 커스텀 스크립트 실행 중...
[  99% ] import | 저장 중...
[ DONE ] import

[  77% ] reimport | traffic_lod0.glb
[   0% ] import | Started 씬 가져오기 (104 steps)
[   0% ] import | 씬 가져오는 중...
[   1% ] import | 커스텀 스크립트 실행 중...
[  99% ] import | 저장 중...
[ DONE ] import

[  88% ] reimport | 애셋 가져오기 마무리 중...
[ DONE ] reimport

[   0% ] reimport | Started 애셋 (다시) 가져오는 중 (8 steps)
[   0% ] reimport | 다시 가져오기 후 작업을 수행 중...
[ DONE ] reimport

[   0% ] loading_editor_layout | Started 편집기를 불러오는 중 (5 steps)
[   0% ] loading_editor_layout | 편집기 레이아웃을 불러오는 중...
[  16% ] loading_editor_layout | 독을 불러오는 중...
[ DONE ] loading_editor_layout

