Godot Engine v4.6.3.stable.mono.official.7d41c59c4 - https://godotengine.org

[   0% ] [90m[1mfirst_scan_filesystem[22m | Started 프로젝트 초기화 (5 steps)[39m[0m
[   0% ] [90m[1mfirst_scan_filesystem[22m | 파일 구조 스캔 중...[39m[0m
[  16% ] [90m[1mfirst_scan_filesystem[22m | 전역 클래스 이름을 불러오는 중...[39m[0m
[  33% ] [90m[1mfirst_scan_filesystem[22m | GDExtensions 검증 중...[39m[0m
[  50% ] [90m[1mfirst_scan_filesystem[22m | 오토로드 스크립트를 만드는 중...[39m[0m
[  66% ] [90m[1mfirst_scan_filesystem[22m | 플러그인을 초기화 중...[39m[0m
[  83% ] [90m[1mfirst_scan_filesystem[22m | 파일 스캔 시작 중...[39m[0m
[92m[ DONE ][39m [1mfirst_scan_filesystem[22m
[0m
[   0% ] [90m[1mupdate_scripts_classes[22m | Started 전역 클래스를 등록하는 중... (8 steps)[39m[0m
[   0% ] [90m[1mupdate_scripts_classes[22m | GTCameraRig[39m[0m
[  11% ] [90m[1mupdate_scripts_classes[22m | GTCar[39m[0m
[  22% ] [90m[1mupdate_scripts_classes[22m | GTAudio[39m[0m
[  33% ] [90m[1mupdate_scripts_classes[22m | GTControls[39m[0m
[  44% ] [90m[1mupdate_scripts_classes[22m | GTHud[39m[0m
[  55% ] [90m[1mupdate_scripts_classes[22m | [39m[0m
[  66% ] [90m[1mupdate_scripts_classes[22m | GTTraffic[39m[0m
[  77% ] [90m[1mupdate_scripts_classes[22m | GTWorld[39m[0m
[92m[ DONE ][39m [1mupdate_scripts_classes[22m
[0m
[   0% ] [90m[1m_update_scan_actions[22m | Started 액션 스캔 중... (25 steps)[39m[0m
[   0% ] [90m[1m_update_scan_actions[22m | asphalt.png[39m[0m
[   3% ] [90m[1m_update_scan_actions[22m | aster_gt.glb[39m[0m
[   7% ] [90m[1m_update_scan_actions[22m | ground.png[39m[0m
[  11% ] [90m[1m_update_scan_actions[22m | high.wav[39m[0m
[  15% ] [90m[1m_update_scan_actions[22m | horn.wav[39m[0m
[  19% ] [90m[1m_update_scan_actions[22m | idle.wav[39m[0m
[  23% ] [90m[1m_update_scan_actions[22m | impact.wav[39m[0m
[  26% ] [90m[1m_update_scan_actions[22m | low.wav[39m[0m
[  30% ] [90m[1m_update_scan_actions[22m | mid.wav[39m[0m
[  34% ] [90m[1m_update_scan_actions[22m | paint_normal.png[39m[0m
[  38% ] [90m[1m_update_scan_actions[22m | rain.wav[39m[0m
[  42% ] [90m[1m_update_scan_actions[22m | rocks.glb[39m[0m
[  46% ] [90m[1m_update_scan_actions[22m | shift.wav[39m[0m
[  50% ] [90m[1m_update_scan_actions[22m | tire.wav[39m[0m
[  53% ] [90m[1m_update_scan_actions[22m | tree_0.glb[39m[0m
[  57% ] [90m[1m_update_scan_actions[22m | tree_1.glb[39m[0m
[  61% ] [90m[1m_update_scan_actions[22m | tree_2.glb[39m[0m
[  65% ] [90m[1m_update_scan_actions[22m | wheel.glb[39m[0m
[  69% ] [90m[1m_update_scan_actions[22m | wind.wav[39m[0m
[  73% ] [90m[1m_update_scan_actions[22m | aster_gt.blend[39m[0m
[  76% ] [90m[1m_update_scan_actions[22m | roadside_rocks.blend[39m[0m
[  80% ] [90m[1m_update_scan_actions[22m | tree_0.blend[39m[0m
[  84% ] [90m[1m_update_scan_actions[22m | tree_1.blend[39m[0m
[  88% ] [90m[1m_update_scan_actions[22m | tree_2.blend[39m[0m
[  92% ] [90m[1m_update_scan_actions[22m | wheel.blend[39m[0m
[92m[ DONE ][39m [1m_update_scan_actions[22m
[0m
ERROR: Blender path is invalid or not set, check your Editor Settings. Cannot configure blender path in headless mode.
   at: query (modules/gltf/editor/editor_scene_importer_blend.cpp:519)
[   0% ] [90m[1mloading_editor_layout[22m | Started 편집기를 불러오는 중 (5 steps)[39m[0m
[   0% ] [90m[1mloading_editor_layout[22m | 편집기 레이아웃을 불러오는 중...[39m[0m
[  16% ] [90m[1mloading_editor_layout[22m | 독을 불러오는 중...[39m[0m
[92m[ DONE ][39m [1mloading_editor_layout[22m
[0m
SCRIPT ERROR: Parse Error: Cannot find member "REFLECTED_SOURCE_SKY" in base "Environment".
   at: GDScript::reload (res://scripts/world.gd:85)
SCRIPT ERROR: Compile Error: Failed to compile depended scripts.
   at: GDScript::reload (res://scripts/main.gd:0)
ERROR: Failed to load script "res://scripts/main.gd" with error "Parse error".
   at: load (modules/gdscript/gdscript.cpp:2907)
