Godot Engine v4.6.3.stable.mono.official.7d41c59c4 - https://godotengine.org

[   0% ] [90m[1mfirst_scan_filesystem[22m | Started 프로젝트 초기화 (5 steps)[39m[0m
[   0% ] [90m[1mfirst_scan_filesystem[22m | 파일 구조 스캔 중...[39m[0m
[  16% ] [90m[1mfirst_scan_filesystem[22m | 전역 클래스 이름을 불러오는 중...[39m[0m
[  33% ] [90m[1mfirst_scan_filesystem[22m | GDExtensions 검증 중...[39m[0m
[  50% ] [90m[1mfirst_scan_filesystem[22m | 오토로드 스크립트를 만드는 중...[39m[0m
[  66% ] [90m[1mfirst_scan_filesystem[22m | 플러그인을 초기화 중...[39m[0m
[  83% ] [90m[1mfirst_scan_filesystem[22m | 파일 스캔 시작 중...[39m[0m
[92m[ DONE ][39m [1mfirst_scan_filesystem[22m
[0m
[   0% ] [90m[1mupdate_scripts_classes[22m | Started 전역 클래스를 등록하는 중... (4 steps)[39m[0m
[   0% ] [90m[1mupdate_scripts_classes[22m | GTCameraRig[39m[0m
[  20% ] [90m[1mupdate_scripts_classes[22m | GTCar[39m[0m
[  40% ] [90m[1mupdate_scripts_classes[22m | [39m[0m
[  60% ] [90m[1mupdate_scripts_classes[22m | GTWorld[39m[0m
[92m[ DONE ][39m [1mupdate_scripts_classes[22m
[0m
[   0% ] [90m[1m_update_scan_actions[22m | Started 액션 스캔 중... (6 steps)[39m[0m
[   0% ] [90m[1m_update_scan_actions[22m | 01_garage.png[39m[0m
[  14% ] [90m[1m_update_scan_actions[22m | 02_driving.png[39m[0m
[  28% ] [90m[1m_update_scan_actions[22m | 03_hood.png[39m[0m
[  42% ] [90m[1m_update_scan_actions[22m | 04_cockpit.png[39m[0m
[  57% ] [90m[1m_update_scan_actions[22m | 05_rain_night.png[39m[0m
[  71% ] [90m[1m_update_scan_actions[22m | garage.png[39m[0m
[92m[ DONE ][39m [1m_update_scan_actions[22m
[0m
[   0% ] [90m[1mreimport[22m | Started 애셋 (다시) 가져오는 중 (6 steps)[39m[0m
[   0% ] [90m[1mreimport[22m | 다시 가져올 파일을 준비 중...[39m[0m
[  14% ] [90m[1mreimport[22m | 다시 가져올 파일을 준비 중...[39m[0m
[  28% ] [90m[1mreimport[22m | 다시 가져올 파일을 준비 중...[39m[0m
[  42% ] [90m[1mreimport[22m | 다시 가져올 파일을 준비 중...[39m[0m
[  57% ] [90m[1mreimport[22m | 다시 가져올 파일을 준비 중...[39m[0m
[  71% ] [90m[1mreimport[22m | 다시 가져올 파일을 준비 중...[39m[0m
[   0% ] [90m[1mreimport[22m | 다시 가져오기 전 작업을 수행 중...[39m[0m
[   0% ] [90m[1mreimport[22m | 01_garage.png[39m[0m
[  14% ] [90m[1mreimport[22m | 02_driving.png[39m[0m
[  28% ] [90m[1mreimport[22m | 03_hood.png[39m[0m
[  42% ] [90m[1mreimport[22m | 04_cockpit.png[39m[0m
[  57% ] [90m[1mreimport[22m | 05_rain_night.png[39m[0m
[  71% ] [90m[1mreimport[22m | garage.png[39m[0m
[  85% ] [90m[1mreimport[22m | 애셋 가져오기 마무리 중...[39m[0m
[92m[ DONE ][39m [1mreimport[22m
[0m
[   0% ] [90m[1mreimport[22m | Started 애셋 (다시) 가져오는 중 (6 steps)[39m[0m
[   0% ] [90m[1mreimport[22m | 다시 가져오기 후 작업을 수행 중...[39m[0m
[92m[ DONE ][39m [1mreimport[22m
[0m
[   0% ] [90m[1mloading_editor_layout[22m | Started 편집기를 불러오는 중 (5 steps)[39m[0m
[   0% ] [90m[1mloading_editor_layout[22m | 편집기 레이아웃을 불러오는 중...[39m[0m
[  16% ] [90m[1mloading_editor_layout[22m | 독을 불러오는 중...[39m[0m
[92m[ DONE ][39m [1mloading_editor_layout[22m
[0m
SCRIPT ERROR: Parse Error: Could not parse global class "GTCar" from "res://scripts/car.gd".
   at: GDScript::reload (res://scripts/main.gd:2)
SCRIPT ERROR: Parse Error: Could not resolve class "GTCar", because of a parser error.
   at: GDScript::reload (res://scripts/main.gd:42)
SCRIPT ERROR: Parse Error: Could not resolve external class member "player".
   at: GDScript::reload (res://scripts/main.gd:43)
SCRIPT ERROR: Parse Error: Could not resolve external class member "car".
   at: GDScript::reload (res://scripts/main.gd:44)
SCRIPT ERROR: Parse Error: Could not resolve external class member "car".
   at: GDScript::reload (res://scripts/main.gd:47)
SCRIPT ERROR: Parse Error: Could not resolve external class member "car".
   at: GDScript::reload (res://scripts/main.gd:48)
ERROR: Failed to load script "res://scripts/main.gd" with error "Parse error".
   at: load (modules/gdscript/gdscript.cpp:2907)
